[2026-08-03 01:49:50] ads_run_rfpro_fem.py started
[2026-08-03 01:49:50] Using direct ADS Python APIs for RFPro view prepare
[2026-08-03 01:49:50] ADS RFPro prepare callable entered
[2026-08-03 01:49:51] Opening ADS workspace: D:\Work\ADS\SIMADS_EM_PAR\SIMADS_EM_PAR
[2026-08-03 01:49:51] Looking up library/cell: SIMADS_EM_PAR_lib:i7_r13_ref_script_20260803_mm
[2026-08-03 01:49:51] EM setup substrate info: SIMADS_EM_PAR_lib:JLC04161H_7628_1P6MM.subst
[2026-08-03 01:49:51] Creating RFPro view: SIMADS_EM_PAR_lib:i7_r13_ref_script_20260803_mm:rfpro_emsetup_start_probe3_20260803
[2026-08-03 01:49:51] Closing ADS workspace: D:\Work\ADS\SIMADS_EM_PAR\SIMADS_EM_PAR
[2026-08-03 01:49:52] Entering RFPro/xxPro context for FEM run
[2026-08-03 01:49:53] RFPro FEM callable entered
[2026-08-03 01:49:54] Using ADS workspace in RFPro: D:\Work\ADS\SIMADS_EM_PAR\SIMADS_EM_PAR
[2026-08-03 01:49:54] Loading RFPro view: SIMADS_EM_PAR_lib:i7_r13_ref_script_20260803_mm:rfpro_emsetup_start_probe3_20260803
[2026-08-03 01:49:54] Creating FEM analysis from EM setup view: emSetup
[2026-08-03 01:49:54] Saving RFPro project before simulation
[2026-08-03 01:49:54] Starting RFPro FEM analysis
[2026-08-03 01:49:54] Waiting for RFPro FEM simulation
[2026-08-03 01:52:47] RFPro FEM simulation finished; saving project
[2026-08-03 01:52:47] Exporting circuit results
[2026-08-03 01:52:47] Writing RFPro CSV: D:\OneDrive\4.Code\SIM\projects\bfp_6_8g_i7_fr4\results\emsetup_start_probe_i7_r13_ref_script_20260803\rfpro_emsetup_start_probe3_40pt.csv
[2026-08-03 01:52:47] RFPro/xxPro context closed
